{
    "Basic Example": "Example",
    "Example": "Example"
}
