{
    "Example": "Mock translation of 'Example' to 'es'"
}
