{
    "Example": "Mock translation of 'Example' to 'nl'"
}
