{
    "Example": "Mock translation of 'Example' to 'ru'"
}
