{
    "Example": "Mock translation of 'Example' to 'pl'"
}
