{
    "Example": "Mock translation of 'Example' to 'pt'"
}
