{
    "Example": "Mock translation of 'Example' to 'uk'"
}
