{
    "Example": "Mock translation of 'Example' to 'zh-cn'"
}
