{
    "Example": "Mock translation of 'Example' to 'fr'"
}
