{
    "Example": "Mock translation of 'Example' to 'it'"
}
