{
    "Example": "Voorbeeld",
    "Example 2": "Voorbeeld 2"
}
