{
    "Example": "пример",
    "Example 2": "пример 2"
}
