{
    "Example": "Ejemplo",
    "Example 2": "Ejemplo 2"
}
