{
    "Example": "Приклад",
    "Example 2": "Приклад 2"
}
