{
    "Example": "Example",
    "Example 2": "Example 2"
}
