{
    "Example": "Exemple",
    "Example 2": "Exemple 2"
}
