{
    "Example": "Esempio",
    "Example 2": "Esempio 2"
}
