{
    "Example": "Przykład",
    "Example 2": "Przykład 2"
}
